
> build
> vite build

[36mvite v7.3.0 [32mbuilding client environment for production...[36m[39m
transforming...
[32mÔ£ô[39m 51 modules transformed.
node.exe : [31mÔ£ù[39m Build 
failed in 1.72s
At C:\Program 
Files\nodejs\npm.ps1:29 char:3
+   & $NODE_EXE $NPM_CLI_JS $args
+   ~~~~~~~~~~~~~~~~~~~~~~~~~~~~~
    + CategoryInfo          : NotSpe 
   cified: ([31mÔ£ù[39m Build fai  
  led in 1.72s:String) [], RemoteE   
 xception
    + FullyQualifiedErrorId : Native 
   CommandError
 
[31merror during build:
[31m[vite]: Rollup failed to 
resolve import "lodash" from "C:/User
s/pc/Desktop/projects/opticina-shop-m
anagment/resources/js/Pages/Sales/Cus
tomers/Index.tsx".
This is most likely unintended 
because it can break your 
application at runtime.
If you do want to externalize this 
module explicitly add it to
`build.rollupOptions.external`[31m
    at viteLog (file:///C:/Users/pc/D
esktop/projects/opticina-shop-managme
nt/node_modules/vite/dist/node/chunks
/config.js:33634:57)
    at file:///C:/Users/pc/Desktop/pr
ojects/opticina-shop-managment/node_m
odules/vite/dist/node/chunks/config.j
s:33668:73
    at onwarn (file:///C:/Users/pc/De
sktop/projects/opticina-shop-managmen
t/node_modules/@vitejs/plugin-react/d
ist/index.js:76:7)
    at file:///C:/Users/pc/Desktop/pr
ojects/opticina-shop-managment/node_m
odules/vite/dist/node/chunks/config.j
s:33668:28
    at onRollupLog (file:///C:/Users/
pc/Desktop/projects/opticina-shop-man
agment/node_modules/vite/dist/node/ch
unks/config.js:33663:63)
    at onLog (file:///C:/Users/pc/Des
ktop/projects/opticina-shop-managment
/node_modules/vite/dist/node/chunks/c
onfig.js:33466:4)
    at file:///C:/Users/pc/Desktop/pr
ojects/opticina-shop-managment/node_m
odules/rollup/dist/es/shared/node-ent
ry.js:21032:32
    at Object.logger [as onLog] (file
:///C:/Users/pc/Desktop/projects/opti
cina-shop-managment/node_modules/roll
up/dist/es/shared/node-entry.js:22919
:9)
    at 
ModuleLoader.handleInvalidResolvedId 
(file:///C:/Users/pc/Desktop/projects
/opticina-shop-managment/node_modules
/rollup/dist/es/shared/node-entry.js:
21663:26)
    at file:///C:/Users/pc/Desktop/pr
ojects/opticina-shop-managment/node_m
odules/rollup/dist/es/shared/node-ent
ry.js:21621:26[39m
